org\bioparse\cleaning\ChartDataGenerator$2.class
org\bioparse\cleaning\ChartDataGenerator$9.class
org\bioparse\cleaning\ChartDataGenerator$JFreePieChartPanel.class
org\bioparse\cleaning\AttendanceUtils.class
org\bioparse\cleaning\AttendanceMerger$1.class
org\bioparse\cleaning\AttendanceReportGenerator$Metrics.class
org\bioparse\cleaning\AttendanceMerger$EmployeeData.class
org\bioparse\cleaning\AttendanceAppGUI$4.class
org\bioparse\cleaning\ChartDataGenerator$JFreeBarChartPanel.class
org\bioparse\cleaning\ChartDataGenerator$JFreeLineChartPanel.class
org\bioparse\cleaning\AttendanceQueryViewer$1.class
org\bioparse\cleaning\ChartDataGenerator.class
org\bioparse\cleaning\ChartDataGenerator$4.class
org\bioparse\cleaning\ChartDataGenerator$7.class
org\bioparse\cleaning\AttendanceAppGUI$1.class
org\bioparse\cleaning\AttendanceAppGUI$6.class
org\bioparse\cleaning\ChartDataGenerator$8.class
org\bioparse\cleaning\AttendanceAppGUI$3.class
org\bioparse\cleaning\AttendanceAppGUI.class
org\bioparse\cleaning\ChartDataGenerator$1.class
org\bioparse\cleaning\AttendanceQueryViewer.class
org\bioparse\cleaning\AttendanceQueryViewer$2.class
org\bioparse\cleaning\ChartDataGenerator$5.class
org\bioparse\cleaning\AttendanceMerger.class
org\bioparse\cleaning\AttendanceAppGUI$7.class
org\bioparse\cleaning\AttendanceMerger$MergeResult.class
org\bioparse\cleaning\ChartDataGenerator$6.class
org\bioparse\cleaning\AttendanceReportGenerator.class
org\bioparse\cleaning\AttendanceAppGUI$5.class
org\bioparse\cleaning\AttendanceAppGUI$2.class
org\bioparse\cleaning\ChartDataGenerator$3.class
org\bioparse\cleaning\ChartDataGenerator$JFreeStackedBarChartPanel.class
