org\bioparse\cleaning\ChartDataGenerator$2.class
org\bioparse\cleaning\ChartDataGenerator$9.class
org\bioparse\cleaning\AttendanceMerger$1.class
org\bioparse\cleaning\ui\DataViewerPanel$5.class
org\bioparse\cleaning\AttendanceMerger$EmployeeData.class
org\bioparse\cleaning\ui\SidebarPanel$ModernScrollBarUI.class
org\bioparse\cleaning\ui\DataViewerPanel.class
org\bioparse\cleaning\ui\SidebarPanel.class
org\bioparse\cleaning\AttendanceQueryViewer$1.class
org\bioparse\cleaning\ui\DataViewerPanel$2.class
org\bioparse\cleaning\ui\ReportViewerPanel$1.class
org\bioparse\cleaning\ui\ReportViewerPanel$4.class
org\bioparse\cleaning\AttendanceAppGUI$1.class
org\bioparse\cleaning\ChartDataGenerator$CompactBarChart.class
org\bioparse\cleaning\ui\DashboardPanel.class
org\bioparse\cleaning\AttendanceAppGUI$3.class
org\bioparse\cleaning\ui\SidebarPanel$5.class
org\bioparse\cleaning\Constants.class
org\bioparse\cleaning\AttendanceAppGUI.class
org\bioparse\cleaning\ui\ConfigWizardPanel$3.class
org\bioparse\cleaning\ui\SidebarPanel$3.class
org\bioparse\cleaning\ui\VisualizationPanel.class
org\bioparse\cleaning\AttendanceMerger.class
org\bioparse\cleaning\ui\ReportViewerPanel.class
org\bioparse\cleaning\ChartDataGenerator$6.class
org\bioparse\cleaning\ui\DataViewerPanel$3.class
org\bioparse\cleaning\AttendanceReportGenerator.class
org\bioparse\cleaning\ChartDataGenerator$CompactPieChart.class
org\bioparse\cleaning\ChartDataGenerator$3.class
org\bioparse\cleaning\ui\ReportViewerPanel$3.class
org\bioparse\cleaning\AttendanceUtils.class
org\bioparse\cleaning\ui\ConfigWizardPanel$2.class
org\bioparse\cleaning\AttendanceReportGenerator$Metrics.class
org\bioparse\cleaning\ui\SidebarPanel$6.class
org\bioparse\cleaning\ui\ConfigWizardPanel.class
org\bioparse\cleaning\ui\SidebarPanel$2.class
org\bioparse\cleaning\ChartDataGenerator.class
org\bioparse\cleaning\ChartDataGenerator$4.class
org\bioparse\cleaning\ui\DataViewerPanel$4.class
org\bioparse\cleaning\ChartDataGenerator$7.class
org\bioparse\cleaning\ChartDataGenerator$BaseChartPanel.class
org\bioparse\cleaning\ChartDataGenerator$8.class
org\bioparse\cleaning\ui\UIComponentFactory.class
org\bioparse\cleaning\ChartDataGenerator$1.class
org\bioparse\cleaning\ui\UIComponentFactory$1.class
org\bioparse\cleaning\AttendanceQueryViewer.class
org\bioparse\cleaning\AttendanceQueryViewer$2.class
org\bioparse\cleaning\ui\DataViewerPanel$1.class
org\bioparse\cleaning\ui\ReportViewerPanel$2.class
org\bioparse\cleaning\ChartDataGenerator$5.class
org\bioparse\cleaning\ui\SidebarPanel$7.class
org\bioparse\cleaning\AttendanceMerger$MergeResult.class
org\bioparse\cleaning\ui\SidebarPanel$1.class
org\bioparse\cleaning\ChartDataGenerator$CompactLineChart.class
org\bioparse\cleaning\AttendanceAppGUI$2.class
org\bioparse\cleaning\ui\ReportViewerPanel$5.class
org\bioparse\cleaning\ui\SidebarPanel$4.class
org\bioparse\cleaning\ui\ConfigWizardPanel$1.class
