C:\Users\MOHD GULZAR KHAN\Desktop\Suraj Working\java.git.projects\Refactored\Biometric-Attendance-Parser\src\main\java\org\bioparse\cleaning\AttendanceAppGUI.java
C:\Users\MOHD GULZAR KHAN\Desktop\Suraj Working\java.git.projects\Refactored\Biometric-Attendance-Parser\src\main\java\org\bioparse\cleaning\AttendanceMerger.java
C:\Users\MOHD GULZAR KHAN\Desktop\Suraj Working\java.git.projects\Refactored\Biometric-Attendance-Parser\src\main\java\org\bioparse\cleaning\AttendanceQueryViewer.java
C:\Users\MOHD GULZAR KHAN\Desktop\Suraj Working\java.git.projects\Refactored\Biometric-Attendance-Parser\src\main\java\org\bioparse\cleaning\AttendanceReportGenerator.java
C:\Users\MOHD GULZAR KHAN\Desktop\Suraj Working\java.git.projects\Refactored\Biometric-Attendance-Parser\src\main\java\org\bioparse\cleaning\AttendanceUtils.java
C:\Users\MOHD GULZAR KHAN\Desktop\Suraj Working\java.git.projects\Refactored\Biometric-Attendance-Parser\src\main\java\org\bioparse\cleaning\ChartDataGenerator.java
C:\Users\MOHD GULZAR KHAN\Desktop\Suraj Working\java.git.projects\Refactored\Biometric-Attendance-Parser\src\main\java\org\bioparse\cleaning\Constants.java
C:\Users\MOHD GULZAR KHAN\Desktop\Suraj Working\java.git.projects\Refactored\Biometric-Attendance-Parser\src\main\java\org\bioparse\cleaning\ui\ConfigWizardPanel.java
C:\Users\MOHD GULZAR KHAN\Desktop\Suraj Working\java.git.projects\Refactored\Biometric-Attendance-Parser\src\main\java\org\bioparse\cleaning\ui\DashboardPanel.java
C:\Users\MOHD GULZAR KHAN\Desktop\Suraj Working\java.git.projects\Refactored\Biometric-Attendance-Parser\src\main\java\org\bioparse\cleaning\ui\DataViewerPanel.java
C:\Users\MOHD GULZAR KHAN\Desktop\Suraj Working\java.git.projects\Refactored\Biometric-Attendance-Parser\src\main\java\org\bioparse\cleaning\ui\ReportViewerPanel.java
C:\Users\MOHD GULZAR KHAN\Desktop\Suraj Working\java.git.projects\Refactored\Biometric-Attendance-Parser\src\main\java\org\bioparse\cleaning\ui\SidebarPanel.java
C:\Users\MOHD GULZAR KHAN\Desktop\Suraj Working\java.git.projects\Refactored\Biometric-Attendance-Parser\src\main\java\org\bioparse\cleaning\ui\UIComponentFactory.java
C:\Users\MOHD GULZAR KHAN\Desktop\Suraj Working\java.git.projects\Refactored\Biometric-Attendance-Parser\src\main\java\org\bioparse\cleaning\ui\VisualizationPanel.java
